Line           Addr           Hex Code       Assembly Code  

1              0              0              halt           
2              1              1              pop            
3              2              2              dup            
4              3              3              exit           
5              4              a4             ldv.u3 4       
6              5              4              ret            
7              6              c              not            
8              7              d              and            
9              8              e              or             
10             9              3a             br.i5 10       
11             10             f              xor            
12             11             10             neg            
13             12             11             inc            
14             13             12             dec            
15             14             9a             addv.u3 2      
16             15             14             sub            
17             16             15             mul            
18             17             16             div            
19             18             17             rem            
20             19             18             shl            
21             20             19             shr            
22             21             1a             teq            
23             22             1b             tne            
24             23             1c             tlt            
25             24             1d             tgt            
26             25             1e             tle            
27             26             1f             tge            
28             27             0              halt           
